cache_resident_backend QuickCache { shards: 1 }
allocation_probe/warm/current: 0 allocations per warm batch
allocation_probe/warm/no_admission_control: 0 allocations per warm batch
allocation_probe/warm/no_pin_control: 0 allocations per warm batch
allocation_probe/warm/scoped_per_lookup: 0 allocations per warm batch
allocation_probe/warm/scoped_batch: 0 allocations per warm batch
allocation_probe/warm/arc_control: 0 allocations per warm batch
Benchmarking cache_lookup/cache_hit/u64/current/warm
Benchmarking cache_lookup/cache_hit/u64/current/warm: Warming up for 300.00 ms
Benchmarking cache_lookup/cache_hit/u64/current/warm: Collecting 30 samples in estimated 1.0005 s (34k iterations)
Benchmarking cache_lookup/cache_hit/u64/current/warm: Analyzing
cache_lookup/cache_hit/u64/current/warm
                        time:   [29.327 µs 29.356 µs 29.397 µs]
                        thrpt:  [34.017 Melem/s 34.064 Melem/s 34.099 Melem/s]
Found 4 outliers among 30 measurements (13.33%)
  2 (6.67%) high mild
  2 (6.67%) high severe
Benchmarking cache_lookup/cache_hit/u64/scoped_per_lookup/warm
Benchmarking cache_lookup/cache_hit/u64/scoped_per_lookup/warm: Warming up for 300.00 ms
Benchmarking cache_lookup/cache_hit/u64/scoped_per_lookup/warm: Collecting 30 samples in estimated 1.0108 s (25k iterations)
Benchmarking cache_lookup/cache_hit/u64/scoped_per_lookup/warm: Analyzing
cache_lookup/cache_hit/u64/scoped_per_lookup/warm
                        time:   [40.321 µs 40.403 µs 40.488 µs]
                        thrpt:  [24.699 Melem/s 24.751 Melem/s 24.801 Melem/s]
Found 1 outliers among 30 measurements (3.33%)
  1 (3.33%) high mild
Benchmarking cache_lookup/cache_hit/u64/scoped_batch/warm
Benchmarking cache_lookup/cache_hit/u64/scoped_batch/warm: Warming up for 300.00 ms
Benchmarking cache_lookup/cache_hit/u64/scoped_batch/warm: Collecting 30 samples in estimated 1.0157 s (28k iterations)
Benchmarking cache_lookup/cache_hit/u64/scoped_batch/warm: Analyzing
cache_lookup/cache_hit/u64/scoped_batch/warm
                        time:   [35.444 µs 35.607 µs 35.784 µs]
                        thrpt:  [27.945 Melem/s 28.084 Melem/s 28.213 Melem/s]
Found 2 outliers among 30 measurements (6.67%)
  1 (3.33%) low severe
  1 (3.33%) high mild
allocation_probe/hot_key/current: 0 allocations per warm batch
allocation_probe/hot_key/no_admission_control: 0 allocations per warm batch
allocation_probe/hot_key/no_pin_control: 0 allocations per warm batch
allocation_probe/hot_key/scoped_per_lookup: 0 allocations per warm batch
allocation_probe/hot_key/scoped_batch: 0 allocations per warm batch
allocation_probe/hot_key/arc_control: 0 allocations per warm batch
allocation_probe/hot_key/current: 0 allocations per warm batch
allocation_probe/hot_key/no_admission_control: 0 allocations per warm batch
allocation_probe/hot_key/no_pin_control: 0 allocations per warm batch
allocation_probe/hot_key/scoped_per_lookup: 0 allocations per warm batch
allocation_probe/hot_key/scoped_batch: 0 allocations per warm batch
allocation_probe/hot_key/arc_control: 0 allocations per warm batch
allocation_probe/hot_key/current: 0 allocations per warm batch
allocation_probe/hot_key/no_admission_control: 0 allocations per warm batch
allocation_probe/hot_key/no_pin_control: 0 allocations per warm batch
allocation_probe/hot_key/scoped_per_lookup: 0 allocations per warm batch
allocation_probe/hot_key/scoped_batch: 0 allocations per warm batch
allocation_probe/hot_key/arc_control: 0 allocations per warm batch
allocation_probe/hot_key/current: 0 allocations per warm batch
allocation_probe/hot_key/no_admission_control: 0 allocations per warm batch
allocation_probe/hot_key/no_pin_control: 0 allocations per warm batch
allocation_probe/hot_key/scoped_per_lookup: 0 allocations per warm batch
allocation_probe/hot_key/scoped_batch: 0 allocations per warm batch
allocation_probe/hot_key/arc_control: 0 allocations per warm batch
allocation_probe/disjoint_keys/current: 0 allocations per warm batch
allocation_probe/disjoint_keys/no_admission_control: 0 allocations per warm batch
allocation_probe/disjoint_keys/no_pin_control: 0 allocations per warm batch
allocation_probe/disjoint_keys/scoped_per_lookup: 0 allocations per warm batch
allocation_probe/disjoint_keys/scoped_batch: 0 allocations per warm batch
allocation_probe/disjoint_keys/arc_control: 0 allocations per warm batch
allocation_probe/disjoint_keys/current: 0 allocations per warm batch
allocation_probe/disjoint_keys/no_admission_control: 0 allocations per warm batch
allocation_probe/disjoint_keys/no_pin_control: 0 allocations per warm batch
allocation_probe/disjoint_keys/scoped_per_lookup: 0 allocations per warm batch
allocation_probe/disjoint_keys/scoped_batch: 0 allocations per warm batch
allocation_probe/disjoint_keys/arc_control: 0 allocations per warm batch
allocation_probe/disjoint_keys/current: 0 allocations per warm batch
allocation_probe/disjoint_keys/no_admission_control: 0 allocations per warm batch
allocation_probe/disjoint_keys/no_pin_control: 0 allocations per warm batch
allocation_probe/disjoint_keys/scoped_per_lookup: 0 allocations per warm batch
allocation_probe/disjoint_keys/scoped_batch: 0 allocations per warm batch
allocation_probe/disjoint_keys/arc_control: 0 allocations per warm batch
allocation_probe/disjoint_keys/current: 0 allocations per warm batch
allocation_probe/disjoint_keys/no_admission_control: 0 allocations per warm batch
allocation_probe/disjoint_keys/no_pin_control: 0 allocations per warm batch
allocation_probe/disjoint_keys/scoped_per_lookup: 0 allocations per warm batch
allocation_probe/disjoint_keys/scoped_batch: 0 allocations per warm batch
allocation_probe/disjoint_keys/arc_control: 0 allocations per warm batch

