cache_resident_backend QuickCache { shards: 1 }
allocation_probe/warm/current: 0 allocations per warm batch
allocation_probe/warm/no_admission_control: 0 allocations per warm batch
allocation_probe/warm/no_pin_control: 0 allocations per warm batch
allocation_probe/warm/scoped_per_lookup: 0 allocations per warm batch
allocation_probe/warm/scoped_batch: 0 allocations per warm batch
allocation_probe/warm/arc_control: 0 allocations per warm batch
Benchmarking cache_lookup/cache_hit/u64/current/warm
Benchmarking cache_lookup/cache_hit/u64/current/warm: Warming up for 300.00 ms
Benchmarking cache_lookup/cache_hit/u64/current/warm: Collecting 30 samples in estimated 1.0002 s (33k iterations)
Benchmarking cache_lookup/cache_hit/u64/current/warm: Analyzing
cache_lookup/cache_hit/u64/current/warm
                        time:   [29.760 µs 29.805 µs 29.855 µs]
                        thrpt:  [33.495 Melem/s 33.552 Melem/s 33.602 Melem/s]
                 change:
                        time:   [+1.2528% +1.4853% +1.7361%] (p = 0.00 < 0.05)
                        thrpt:  [−1.7064% −1.4636% −1.2373%]
                        Performance has regressed.
Found 3 outliers among 30 measurements (10.00%)
  2 (6.67%) high mild
  1 (3.33%) high severe
Benchmarking cache_lookup/cache_hit/u64/scoped_per_lookup/warm
Benchmarking cache_lookup/cache_hit/u64/scoped_per_lookup/warm: Warming up for 300.00 ms
Benchmarking cache_lookup/cache_hit/u64/scoped_per_lookup/warm: Collecting 30 samples in estimated 1.0155 s (25k iterations)
Benchmarking cache_lookup/cache_hit/u64/scoped_per_lookup/warm: Analyzing
cache_lookup/cache_hit/u64/scoped_per_lookup/warm
                        time:   [40.383 µs 40.430 µs 40.474 µs]
                        thrpt:  [24.707 Melem/s 24.734 Melem/s 24.763 Melem/s]
                 change:
                        time:   [−0.2291% −0.0195% +0.1918%] (p = 0.86 > 0.05)
                        thrpt:  [−0.1914% +0.0195% +0.2296%]
                        No change in performance detected.
Found 3 outliers among 30 measurements (10.00%)
  1 (3.33%) low severe
  1 (3.33%) low mild
  1 (3.33%) high mild
Benchmarking cache_lookup/cache_hit/u64/scoped_batch/warm
Benchmarking cache_lookup/cache_hit/u64/scoped_batch/warm: Warming up for 300.00 ms
Benchmarking cache_lookup/cache_hit/u64/scoped_batch/warm: Collecting 30 samples in estimated 1.0127 s (29k iterations)
Benchmarking cache_lookup/cache_hit/u64/scoped_batch/warm: Analyzing
cache_lookup/cache_hit/u64/scoped_batch/warm
                        time:   [35.096 µs 35.316 µs 35.567 µs]
                        thrpt:  [28.116 Melem/s 28.316 Melem/s 28.493 Melem/s]
                 change:
                        time:   [−1.3666% −0.1408% +1.2618%] (p = 0.84 > 0.05)
                        thrpt:  [−1.2460% +0.1410% +1.3856%]
                        No change in performance detected.
Found 2 outliers among 30 measurements (6.67%)
  1 (3.33%) low mild
  1 (3.33%) high mild
allocation_probe/hot_key/current: 0 allocations per warm batch
allocation_probe/hot_key/no_admission_control: 0 allocations per warm batch
allocation_probe/hot_key/no_pin_control: 0 allocations per warm batch
allocation_probe/hot_key/scoped_per_lookup: 0 allocations per warm batch
allocation_probe/hot_key/scoped_batch: 0 allocations per warm batch
allocation_probe/hot_key/arc_control: 0 allocations per warm batch
allocation_probe/hot_key/current: 0 allocations per warm batch
allocation_probe/hot_key/no_admission_control: 0 allocations per warm batch
allocation_probe/hot_key/no_pin_control: 0 allocations per warm batch
allocation_probe/hot_key/scoped_per_lookup: 0 allocations per warm batch
allocation_probe/hot_key/scoped_batch: 0 allocations per warm batch
allocation_probe/hot_key/arc_control: 0 allocations per warm batch
allocation_probe/hot_key/current: 0 allocations per warm batch
allocation_probe/hot_key/no_admission_control: 0 allocations per warm batch
allocation_probe/hot_key/no_pin_control: 0 allocations per warm batch
allocation_probe/hot_key/scoped_per_lookup: 0 allocations per warm batch
allocation_probe/hot_key/scoped_batch: 0 allocations per warm batch
allocation_probe/hot_key/arc_control: 0 allocations per warm batch
allocation_probe/hot_key/current: 0 allocations per warm batch
allocation_probe/hot_key/no_admission_control: 0 allocations per warm batch
allocation_probe/hot_key/no_pin_control: 0 allocations per warm batch
allocation_probe/hot_key/scoped_per_lookup: 0 allocations per warm batch
allocation_probe/hot_key/scoped_batch: 0 allocations per warm batch
allocation_probe/hot_key/arc_control: 0 allocations per warm batch
allocation_probe/disjoint_keys/current: 0 allocations per warm batch
allocation_probe/disjoint_keys/no_admission_control: 0 allocations per warm batch
allocation_probe/disjoint_keys/no_pin_control: 0 allocations per warm batch
allocation_probe/disjoint_keys/scoped_per_lookup: 0 allocations per warm batch
allocation_probe/disjoint_keys/scoped_batch: 0 allocations per warm batch
allocation_probe/disjoint_keys/arc_control: 0 allocations per warm batch
allocation_probe/disjoint_keys/current: 0 allocations per warm batch
allocation_probe/disjoint_keys/no_admission_control: 0 allocations per warm batch
allocation_probe/disjoint_keys/no_pin_control: 0 allocations per warm batch
allocation_probe/disjoint_keys/scoped_per_lookup: 0 allocations per warm batch
allocation_probe/disjoint_keys/scoped_batch: 0 allocations per warm batch
allocation_probe/disjoint_keys/arc_control: 0 allocations per warm batch
allocation_probe/disjoint_keys/current: 0 allocations per warm batch
allocation_probe/disjoint_keys/no_admission_control: 0 allocations per warm batch
allocation_probe/disjoint_keys/no_pin_control: 0 allocations per warm batch
allocation_probe/disjoint_keys/scoped_per_lookup: 0 allocations per warm batch
allocation_probe/disjoint_keys/scoped_batch: 0 allocations per warm batch
allocation_probe/disjoint_keys/arc_control: 0 allocations per warm batch
allocation_probe/disjoint_keys/current: 0 allocations per warm batch
allocation_probe/disjoint_keys/no_admission_control: 0 allocations per warm batch
allocation_probe/disjoint_keys/no_pin_control: 0 allocations per warm batch
allocation_probe/disjoint_keys/scoped_per_lookup: 0 allocations per warm batch
allocation_probe/disjoint_keys/scoped_batch: 0 allocations per warm batch
allocation_probe/disjoint_keys/arc_control: 0 allocations per warm batch

